// Jest Snapshot v1, https://goo.gl/fbAQLP

exports[`<Overlay /> renders base component correctly 1`] = `
Array [
  <div
    className="base isVisible"
    onClick={[MockFunction]}
    onKeyPress={[Function]}
    role="button"
    tabIndex={-1}
  />,
  <div
    className="base isVisible"
    onClick={[MockFunction]}
    onKeyPress={[Function]}
    role="button"
    tabIndex={-1}
  />,
]
`;
