// Jest Snapshot v1, https://goo.gl/fbAQLP

exports[`<Message /> renders base component correctly 1`] = `
<div
  className="base exercitationCupidatat"
  id="anim"
>
  <a
    className="base left dark link"
    href="/"
    target="_self"
    title="Irure anim labore incididunt lorem occaecat"
  >
    <div
      className="content"
    >
      <h4
        className="base xXSmall dark heading"
      >
        <span>
          Irure anim labore
        </span>
      </h4>
      <div
        className="copy"
      >
        Irure anim labore incididunt lorem occaecat Cillum reprehenderit Duis commodo ipsum sunt fugiat qui nulla dolor nostrud tempor quis non.
      </div>
    </div>
  </a>
</div>
`;
