// Jest Snapshot v1, https://goo.gl/fbAQLP

exports[`<AddToCartButton /> renders base component correctly 1`] = `
<button
  className="base alternate blockStyle dark base fullWidth"
  data-test-ref="ADD_TO_CART"
  disabled={false}
  onClick={[Function]}
  title="Add to your cart — $26.45"
  type="button"
>
  <span
    className="label"
  >
    <span>
      Added to your cart
    </span>
    <span>
      Add to your cart — $26.45
    </span>
  </span>
</button>
`;

exports[`<AddToCartButton /> renders out of stock button correctly 1`] = `
<button
  className="base alternate blockStyle dark disabled base fullWidth"
  data-test-ref="DATA_TEST_REF"
  disabled={true}
  onClick={[Function]}
  title="Out of stock"
  type="button"
>
  Out of Stock
   — $26.45
</button>
`;
