// Jest Snapshot v1, https://goo.gl/fbAQLP

exports[`<DoubleImage /> renders base component correctly 1`] = `
<div
  className="base"
  id="double-image-careers-page"
>
  <div
    className="wrapper"
  >
    <div
      className="item"
    >
      <figure
        className="base"
        id="left-caption-id"
      >
        <a
          className="base"
          href="https://www.aesop.com/au/r/philosophy-to-products"
          title="Link to https://www.aesop.com/au/r/philosophy-to-products"
        >
          <picture
            className="picture base"
          >
            <source
              media="(min-width: 1025px)"
              srcSet="https://www.aesop.com/medias/Aesop-AU-Store-Paddington-II-Hero-Bleed-Desktop-2880x1620px.jpg?context=bWFzdGVyfGltYWdlc3wxMDA1NjIzfGltYWdlL2pwZWd8aW1hZ2VzL2hkZC9oZDQvOTAyMDgzMzk4ODYzOC5qcGd8NjNkZjYzZTBkYzQ3OGEyMGYzMmQwOTI5YTMwZWE0ZTk2ZjE0MTNlYjY2MTk1MzRkZGYxMWRjMmMxMGY4NTRmMQ 2x"
            />
            <source
              media="(min-width: 640px)"
              srcSet="https://www.aesop.com/medias/Aesop-AU-Store-Paddington-II-Hero-Bleed-Desktop-2880x1620px.jpg?context=bWFzdGVyfGltYWdlc3wxMDA1NjIzfGltYWdlL2pwZWd8aW1hZ2VzL2hkZC9oZDQvOTAyMDgzMzk4ODYzOC5qcGd8NjNkZjYzZTBkYzQ3OGEyMGYzMmQwOTI5YTMwZWE0ZTk2ZjE0MTNlYjY2MTk1MzRkZGYxMWRjMmMxMGY4NTRmMQ 2x"
            />
            <source
              media="(min-width: 0px)"
              srcSet="https://www.aesop.com/medias/Aesop-AU-Store-Paddington-II-Hero-Bleed-Desktop-2880x1620px.jpg?context=bWFzdGVyfGltYWdlc3wxMDA1NjIzfGltYWdlL2pwZWd8aW1hZ2VzL2hkZC9oZDQvOTAyMDgzMzk4ODYzOC5qcGd8NjNkZjYzZTBkYzQ3OGEyMGYzMmQwOTI5YTMwZWE0ZTk2ZjE0MTNlYjY2MTk1MzRkZGYxMWRjMmMxMGY4NTRmMQ 2x"
            />
            <img
              alt="Milk Cleansing Campaign Aesop 2019"
            />
          </picture>
        </a>
        
      </figure>
    </div>
    <div
      className="item"
    >
      <figure
        className="base"
        id="right-caption-id"
      >
        <a
          className="base"
          href="https://www.aesop.com/au/r/philosophy-to-products"
          title="Link to https://www.aesop.com/au/r/philosophy-to-products"
        >
          <picture
            className="picture base"
          >
            <source
              media="(min-width: 1025px)"
              srcSet="https://www.aesop.com/medias/Aesop-AU-Store-Paddington-II-Hero-Bleed-Desktop-2880x1620px.jpg?context=bWFzdGVyfGltYWdlc3wxMDA1NjIzfGltYWdlL2pwZWd8aW1hZ2VzL2hkZC9oZDQvOTAyMDgzMzk4ODYzOC5qcGd8NjNkZjYzZTBkYzQ3OGEyMGYzMmQwOTI5YTMwZWE0ZTk2ZjE0MTNlYjY2MTk1MzRkZGYxMWRjMmMxMGY4NTRmMQ 2x"
            />
            <source
              media="(min-width: 640px)"
              srcSet="https://www.aesop.com/medias/Aesop-AU-Store-Paddington-II-Hero-Bleed-Desktop-2880x1620px.jpg?context=bWFzdGVyfGltYWdlc3wxMDA1NjIzfGltYWdlL2pwZWd8aW1hZ2VzL2hkZC9oZDQvOTAyMDgzMzk4ODYzOC5qcGd8NjNkZjYzZTBkYzQ3OGEyMGYzMmQwOTI5YTMwZWE0ZTk2ZjE0MTNlYjY2MTk1MzRkZGYxMWRjMmMxMGY4NTRmMQ 2x"
            />
            <source
              media="(min-width: 0px)"
              srcSet="https://www.aesop.com/medias/Aesop-AU-Store-Paddington-II-Hero-Bleed-Desktop-2880x1620px.jpg?context=bWFzdGVyfGltYWdlc3wxMDA1NjIzfGltYWdlL2pwZWd8aW1hZ2VzL2hkZC9oZDQvOTAyMDgzMzk4ODYzOC5qcGd8NjNkZjYzZTBkYzQ3OGEyMGYzMmQwOTI5YTMwZWE0ZTk2ZjE0MTNlYjY2MTk1MzRkZGYxMWRjMmMxMGY4NTRmMQ 2x"
            />
            <img
              alt="Milk Cleansing Campaign Aesop 2019"
            />
          </picture>
        </a>
        
      </figure>
    </div>
  </div>
</div>
`;
