// Jest Snapshot v1, https://goo.gl/fbAQLP

exports[`<DefinitionList /> renders base component correctly 1`] = `
<div
  className="base dark"
>
  <figure
    className="base dark figure"
  >
    <picture
      className="base picture dark"
    >
      <source
        media="(min-width: 1025px)"
        srcSet="/assets/images/DoubleImage/image-one-large.jpg"
      />
      <source
        media="(min-width: 640px)"
        srcSet="/assets/images/DoubleImage/image-one-medium.jpg"
      />
      <source
        media="(min-width: 0px)"
        srcSet="/assets/images/DoubleImage/image-one-small.jpg"
      />
      <img
        alt="A tactile approach infuses our work, from our product development to our retail service and visual merchandising."
      />
    </picture>
    <figcaption
      className="captionWrapper"
    >
      <div
        className="caption"
      >
        Our passion for creativity in form and function, extends to the setting of a meal among staff.
      </div>
    </figcaption>
  </figure>
  <figure
    className="base dark figure"
  >
    <picture
      className="base picture dark"
    >
      <source
        media="(min-width: 1025px)"
        srcSet="/assets/images/DoubleImage/image-two-large.jpg"
      />
      <source
        media="(min-width: 640px)"
        srcSet="/assets/images/DoubleImage/image-two-medium.jpg"
      />
      <source
        media="(min-width: 0px)"
        srcSet="/assets/images/DoubleImage/image-two-small.jpg"
      />
      <img
        alt="Image of: Our passion for creativity in form and function, extends to the setting of a meal among staff."
      />
    </picture>
    <figcaption
      className="captionWrapper"
    >
      <div
        className="caption"
      >
        Our passion for creativity in form and function, extends to the setting of a meal among staff.
      </div>
    </figcaption>
  </figure>
</div>
`;
