// Jest Snapshot v1, https://goo.gl/fbAQLP

exports[`<LoadMoreButton /> renders base component correctly 1`] = `
<button
  className="base blockStyle dark base blockStyle"
  disabled={false}
  onClick={[Function]}
  title="Load More"
  type="button"
>
  <span
    className="label"
  >
    <span>
      Successfully
    </span>
    <span>
      Load More
    </span>
  </span>
</button>
`;
