// Jest Snapshot v1, https://goo.gl/fbAQLP

exports[`<KitList /> renders base component correctly 1`] = `
<ul
  className="base base"
>
  <li
    className="item item"
  >
    Parsley Seed Facial Cleansing Oil, 200 mL
  </li>
  <li
    className="item item"
  >
    Parsley Seed Anti-Oxidant Facial Toner, 100 mL
  </li>
  <li
    className="item item"
  >
    Parsley Seed Anti-Oxidant Serum, 100 mL
  </li>
  <li
    className="item item"
  >
    Parsley Seed Anti-Oxidant Eye Cream, 10 mL
  </li>
</ul>
`;
