// Jest Snapshot v1, https://goo.gl/fbAQLP

exports[`<LinkButtonGroup /> renders base component correctly 1`] = `null`;

exports[`<LinkButtonGroup /> renders children correctly 1`] = `
<div
  className="base flush"
>
  <a
    className=" link flushLink center"
    href="/au/r/about"
    textAlign="center"
    theme="light"
  >
    Link
  </a>
</div>
`;
