// Jest Snapshot v1, https://goo.gl/fbAQLP

exports[`<CartHeader /> renders base component correctly 1`] = `
<header
  className="base"
>
  <div
    className="label name"
  >
    Cart
  </div>
  <div
    className="label size"
  >
    Size
  </div>
  <div
    className="label quantity"
  >
    Quantity
  </div>
  <div
    className="label remove"
  />
  <div
    className="label price"
  >
    <button
      className="base inline closeButton action"
      disabled={false}
      onClick={[MockFunction]}
      title="Close Cart"
      type="button"
    >
      <svg
        className="base close closeIcon"
        focusable="false"
        height={13}
        role="img"
        tabIndex={-1}
        viewBox="0 0 50 50"
        width={13}
      >
        <g>
          <polygon
            className="close"
            points="50,5 45,0 25,20 5,0 0,5 20,25 0,45 5,50 25,30 45,50 50,45 30,25"
          />
        </g>
      </svg>
    </button>
  </div>
</header>
`;
