// Jest Snapshot v1, https://goo.gl/fbAQLP

exports[`<ProductDetailHeader /> renders base component correctly 1`] = `
<header
  className="base"
  id="product-description-header-Lorem-ipsum-dolor"
>
  <h1
    className="base xLarge dark productName"
  >
    Lorem ipsum dolor
  </h1>
  <p
    className="base dark description"
  >
    Nunc sagittis ultrices dignissim. Nullam dignissim nisi nec dolor blandit convallis. Suspendisse quis facilisis arcu, nec feugiat ligula.
  </p>
</header>
`;
