// Jest Snapshot v1, https://goo.gl/fbAQLP

exports[`<ModalBody /> renders base component correctly 1`] = `
<div
  className="base isVisible"
>
  Body Content
  <button
    className="base action external inlineStyle closeButton"
    data-test-ref="MODAL_CLOSE_BUTTON"
    disabled={false}
    onClick={[MockFunction]}
    title="Close Modal"
    type="button"
  >
    <svg
      className="base close closeIcon"
      data-ref=""
      focusable="false"
      height={14}
      role="img"
      tabIndex={-1}
      viewBox="0 0 50 50"
      width={14}
    >
      <g>
        <polygon
          className="close"
          points="50,5 45,0 25,20 5,0 0,5 20,25 0,45 5,50 25,30 45,50 50,45 30,25"
        />
      </g>
    </svg>
  </button>
</div>
`;
