// Jest Snapshot v1, https://goo.gl/fbAQLP

exports[`<Podium /> renders base component correctly 1`] = `
Array [
  <section
    className="base nonePaddingBottom nonePaddingLeft nonePaddingRight nonePaddingTop"
  >
    Content
  </section>,
  <section
    className="base nonePaddingBottom nonePaddingLeft nonePaddingRight nonePaddingTop"
  >
    Content
  </section>,
]
`;
