// Jest Snapshot v1, https://goo.gl/fbAQLP

exports[`<Textarea /> renders base component correctly 1`] = `
<label
  htmlFor="test-textarea"
>
  <div
    className="base dark"
  >
    <textarea
      className="textarea dark"
      data-test-ref="test-data-ref"
      disabled={false}
      id="test-textarea"
    />
  </div>
</label>
`;
