// Jest Snapshot v1, https://goo.gl/fbAQLP

exports[`<Paragraph /> renders a given collection of \`p\` tags 1`] = `
<div
  className="set"
>
  <p>
    A lightweight, vitamin C-rich layering serum that soothes
  </p>
  <p>
    Replenishes and balances skin with its complex blend of anti-oxidant, hydrating and conditioning ingredients.
  </p>
</div>
`;

exports[`<Paragraph /> renders base component correctly 1`] = `
<p
  className="base"
>
  A lightweight, vitamin C-rich layering serum that soothes, replenishes and balances skin with its complex blend of anti-oxidant, hydrating and conditioning ingredients.
</p>
`;
