// Jest Snapshot v1, https://goo.gl/fbAQLP

exports[`<ProductExtract /> renders base component correctly 1`] = `
<div
  className="base dark slideIn item1"
>
  <a
    className="base left dark link"
    data-test-ref="test_id"
    href="/"
    target="_self"
    title="The sea"
  >
    <div
      className="flexContainer delayAnimation slideIn"
    >
      <div>
        <h4
          className="base xXSmall dark heading delayAnimation slideIn"
        >
          <span>
            Works well with
          </span>
        </h4>
        <div
          className="productName delayAnimation slideIn"
        >
          <div>
            <span>
              The sea
            </span>
          </div>
        </div>
      </div>
      <div
        className="productImage delayAnimation slideIn"
      >
        <picture
          className="base picture dark"
        >
          <source
            media="(min-width: 1025px)"
            srcSet="https://images.ctfassets.net/u1nb1km7t5q7/5JHOiuwRLBAc78jTcLVb5I/bfad1667393889dd8af5e31b080436bd/Aesop_Hair_Violet_Leaf_Hair_Balm_60mL_small.png"
          />
          <source
            media="(min-width: 640px)"
            srcSet="https://images.ctfassets.net/u1nb1km7t5q7/5JHOiuwRLBAc78jTcLVb5I/bfad1667393889dd8af5e31b080436bd/Aesop_Hair_Violet_Leaf_Hair_Balm_60mL_small.png"
          />
          <source
            media="(min-width: 0px)"
            srcSet="https://images.ctfassets.net/u1nb1km7t5q7/5JHOiuwRLBAc78jTcLVb5I/bfad1667393889dd8af5e31b080436bd/Aesop_Hair_Violet_Leaf_Hair_Balm_60mL_small.png"
          />
          <img
            alt="Product Extract"
          />
        </picture>
      </div>
    </div>
  </a>
</div>
`;
