// Jest Snapshot v1, https://goo.gl/fbAQLP

exports[`<ReadMore /> renders base component correctly 1`] = `
<div
  className="base fadeEnter"
>
  <div
    className="base fadeEnter"
    id="test_1"
  >
    <a
      className="base left dark image"
      data-test-ref="test_1_READMORE_THUMBNAIL"
      href="https://www.aesop.com/au/r/careers"
      target="_self"
      title="1. Senorial consectetur adipiscing elit."
    >
      <div
        onMouseEnter={[Function]}
        onMouseLeave={[Function]}
      >
        <picture
          className="base picture dark"
        >
          <source
            media="(min-width: 1025px)"
            srcSet="./assets/images/ContentHubArticle/horizontal_hub.jpg"
          />
          <source
            media="(min-width: 640px)"
            srcSet="./assets/images/ContentHubArticle/horizontal_hub.jpg"
          />
          <source
            media="(min-width: 0px)"
            srcSet="./assets/images/ContentHubArticle/horizontal_hub.jpg"
          />
          <img
            alt="horizontal_hub"
          />
        </picture>
      </div>
    </a>
    <h3
      className="base xSmall dark category"
    >
      Product
    </h3>
    <div>
      <a
        className="base left dark"
        data-test-ref="test_1_TITLE"
        href="https://www.aesop.com/au/r/careers"
        target="_self"
        title="1. Senorial consectetur adipiscing elit."
      >
        <span
          className="title"
        >
          1. Senorial consectetur adipiscing elit.
        </span>
      </a>
    </div>
    <h3
      className="base xSmall dark note"
    >
      5 minute read
    </h3>
  </div>
  <div
    className="base fadeEnter"
    id="test_2"
  >
    <a
      className="base left dark image"
      data-test-ref="test_2_READMORE_THUMBNAIL"
      href="https://www.aesop.com/au/r/careers"
      target="_self"
      title="2. Lorem ipsum dolor sit amet, consectetur adipiscing elit. Suspendisse et ornare mauris, id dictum ante."
    >
      <div
        onMouseEnter={[Function]}
        onMouseLeave={[Function]}
      >
        <picture
          className="base picture dark"
        >
          <source
            media="(min-width: 1025px)"
            srcSet="./assets/images/ContentHubArticle/horizontal_hub.jpg"
          />
          <source
            media="(min-width: 640px)"
            srcSet="./assets/images/ContentHubArticle/horizontal_hub.jpg"
          />
          <source
            media="(min-width: 0px)"
            srcSet="./assets/images/ContentHubArticle/horizontal_hub.jpg"
          />
          <img
            alt="horizontal_hub"
          />
        </picture>
      </div>
    </a>
    <h3
      className="base xSmall dark category"
    >
      Product
    </h3>
    <div>
      <a
        className="base left dark"
        data-test-ref="test_2_TITLE"
        href="https://www.aesop.com/au/r/careers"
        target="_self"
        title="2. Lorem ipsum dolor sit amet, consectetur adipiscing elit. Suspendisse et ornare mauris, id dictum ante."
      >
        <span
          className="title"
        >
          2. Lorem ipsum dolor sit amet, consectetur adipiscing elit. Suspendisse et ornare mauris, id dictum ante.
        </span>
      </a>
    </div>
    <h3
      className="base xSmall dark note"
    >
      5 minute read
    </h3>
  </div>
  <div
    className="base fadeEnter"
    id="test_3"
  >
    <a
      className="base left dark image"
      data-test-ref="test_3_READMORE_THUMBNAIL"
      href="https://www.aesop.com/au/r/careers"
      target="_self"
      title="3. Lorem ipsum dolor sit amet, consectetur adipiscing elit. Suspendisse et ornare, id dictum ante. Suspendisse et ornare mauris, id dictum ante."
    >
      <div
        onMouseEnter={[Function]}
        onMouseLeave={[Function]}
      >
        <picture
          className="base picture dark"
        >
          <source
            media="(min-width: 1025px)"
            srcSet="./assets/images/ContentHubArticle/horizontal_hub.jpg"
          />
          <source
            media="(min-width: 640px)"
            srcSet="./assets/images/ContentHubArticle/horizontal_hub.jpg"
          />
          <source
            media="(min-width: 0px)"
            srcSet="./assets/images/ContentHubArticle/horizontal_hub.jpg"
          />
          <img
            alt="horizontal_hub"
          />
        </picture>
      </div>
    </a>
    <h3
      className="base xSmall dark category"
    >
      Culture
    </h3>
    <div>
      <a
        className="base left dark"
        data-test-ref="test_3_TITLE"
        href="https://www.aesop.com/au/r/careers"
        target="_self"
        title="3. Lorem ipsum dolor sit amet, consectetur adipiscing elit. Suspendisse et ornare, id dictum ante. Suspendisse et ornare mauris, id dictum ante."
      >
        <span
          className="title"
        >
          3. Lorem ipsum dolor sit amet, consectetur adipiscing elit. Suspendisse et ornare, id dictum ante. Suspendisse et ornare mauris, id dictum ante.
        </span>
      </a>
    </div>
    <h3
      className="base xSmall dark note"
    >
      5 minute read
    </h3>
  </div>
</div>
`;
