// Jest Snapshot v1, https://goo.gl/fbAQLP

exports[`<ReadMore /> renders base component correctly 1`] = `
<div
  className="base fadeEnter"
>
  <div
    className="base fadeEnter"
    id="test_1"
  >
    <a
      className="base left dark link"
      href="https://www.aesop.com/au/r/careers"
      target="_self"
      title="Link to 1. Senorial consectetur adipiscing elit."
    >
      <picture
        className="base picture dark image"
      >
        <source
          media="(min-width: 1025px)"
          srcSet="./assets/images/ContentHubArticle/horizontal_hub.jpg"
        />
        <source
          media="(min-width: 640px)"
          srcSet="./assets/images/ContentHubArticle/horizontal_hub.jpg"
        />
        <source
          media="(min-width: 0px)"
          srcSet="./assets/images/ContentHubArticle/horizontal_hub.jpg"
        />
        <img
          alt="horizontal_hub"
        />
      </picture>
    </a>
    <h3
      className="base xSmall dark category"
    >
      Product
    </h3>
    <a
      className="base left dark"
      href="https://www.aesop.com/au/r/careers"
      target="_self"
      title="Link to 1. Senorial consectetur adipiscing elit."
    >
      <span
        className="title link"
      >
        1. Senorial consectetur adipiscing elit.
      </span>
    </a>
    <h3
      className="base xSmall dark note"
    >
      5 minute read
    </h3>
  </div>
  <div
    className="base fadeEnter"
    id="test_2"
  >
    <a
      className="base left dark link"
      href="https://www.aesop.com/au/r/careers"
      target="_self"
      title="Link to 2. Lorem ipsum dolor sit amet, consectetur adipiscing elit. Suspendisse et ornare mauris, id dictum ante."
    >
      <picture
        className="base picture dark image"
      >
        <source
          media="(min-width: 1025px)"
          srcSet="./assets/images/ContentHubArticle/horizontal_hub.jpg"
        />
        <source
          media="(min-width: 640px)"
          srcSet="./assets/images/ContentHubArticle/horizontal_hub.jpg"
        />
        <source
          media="(min-width: 0px)"
          srcSet="./assets/images/ContentHubArticle/horizontal_hub.jpg"
        />
        <img
          alt="horizontal_hub"
        />
      </picture>
    </a>
    <h3
      className="base xSmall dark category"
    >
      Product
    </h3>
    <a
      className="base left dark"
      href="https://www.aesop.com/au/r/careers"
      target="_self"
      title="Link to 2. Lorem ipsum dolor sit amet, consectetur adipiscing elit. Suspendisse et ornare mauris, id dictum ante."
    >
      <span
        className="title link"
      >
        2. Lorem ipsum dolor sit amet, consectetur adipiscing elit. Suspendisse et ornare mauris, id dictum ante.
      </span>
    </a>
    <h3
      className="base xSmall dark note"
    >
      5 minute read
    </h3>
  </div>
  <div
    className="base fadeEnter"
    id="test_3"
  >
    <a
      className="base left dark link"
      href="https://www.aesop.com/au/r/careers"
      target="_self"
      title="Link to 3. Lorem ipsum dolor sit amet, consectetur adipiscing elit. Suspendisse et ornare, id dictum ante. Suspendisse et ornare mauris, id dictum ante."
    >
      <picture
        className="base picture dark image"
      >
        <source
          media="(min-width: 1025px)"
          srcSet="./assets/images/ContentHubArticle/horizontal_hub.jpg"
        />
        <source
          media="(min-width: 640px)"
          srcSet="./assets/images/ContentHubArticle/horizontal_hub.jpg"
        />
        <source
          media="(min-width: 0px)"
          srcSet="./assets/images/ContentHubArticle/horizontal_hub.jpg"
        />
        <img
          alt="horizontal_hub"
        />
      </picture>
    </a>
    <h3
      className="base xSmall dark category"
    >
      Culture
    </h3>
    <a
      className="base left dark"
      href="https://www.aesop.com/au/r/careers"
      target="_self"
      title="Link to 3. Lorem ipsum dolor sit amet, consectetur adipiscing elit. Suspendisse et ornare, id dictum ante. Suspendisse et ornare mauris, id dictum ante."
    >
      <span
        className="title link"
      >
        3. Lorem ipsum dolor sit amet, consectetur adipiscing elit. Suspendisse et ornare, id dictum ante. Suspendisse et ornare mauris, id dictum ante.
      </span>
    </a>
    <h3
      className="base xSmall dark note"
    >
      5 minute read
    </h3>
  </div>
</div>
`;
