// Jest Snapshot v1, https://goo.gl/fbAQLP

exports[`<TextInput /> renders base component correctly 1`] = `
<div
  className="formText"
>
  <label
    htmlFor="test-textinput"
  >
    <input
      className="formTextInput undefined"
      data-test-ref="test-data-ref"
      disabled={true}
      id="test-textinput"
      noValidate={true}
      placeholder=""
      type="text"
    />
    <span
      className="formTextLabel undefined"
    />
  </label>
</div>
`;
