// Jest Snapshot v1, https://goo.gl/fbAQLP

exports[`<NotificationModal /> renders base component correctly 1`] = `
<div
  className="base isNotVisible"
  style={
    Object {
      "backgroundColor": "#d5d5cc",
    }
  }
>
  <span
    className="footerEmailSuccessMessageContent"
  >
    Sincere thanks for subscribing. We are always pleased to share ourpassionate interests with like - minded individuals.
  </span>
  <button
    className="footerEmailSuccessCloseButton"
    data-ref="close"
    onClick={[Function]}
    tabIndex={-1}
  >
    <svg
      className="base close dark"
      data-ref=""
      focusable="false"
      height={15}
      role="img"
      style={
        Object {
          "height": "15px",
          "width": "15px",
        }
      }
      tabIndex={-1}
      viewBox="0 0 50 50"
      width={15}
    >
      <g>
        <polygon
          className="close"
          points="50,5 45,0 25,20 5,0 0,5 20,25 0,45 5,50 25,30 45,50 50,45 30,25"
        />
      </g>
    </svg>
  </button>
</div>
`;
