// Jest Snapshot v1, https://goo.gl/fbAQLP

exports[`<ProductDetailHeader /> renders base component correctly 1`] = `
<div>
  <div
    className="base fixture-classname"
  >
    <nav
      className="base dark breadcrumbs"
    >
      <ul
        className="list"
      >
        <li
          className="item"
        >
          <a
            className="base left dark link"
            href="/"
            target="_self"
          >
            Suspendisse
          </a>
        </li>
        <li
          className="item"
        >
          <a
            className="base left dark link"
            href="/"
            target="_self"
          >
            Maecenas luctus
          </a>
        </li>
      </ul>
    </nav>
    <div
      className="wrapper"
    >
      <div
        className="content"
      >
        <nav
          className="base dark breadcrumbs"
        >
          <ul
            className="list"
          >
            <li
              className="item"
            >
              <a
                className="base left dark link"
                href="/"
                target="_self"
              >
                Suspendisse
              </a>
            </li>
            <li
              className="item"
            >
              <a
                className="base left dark link"
                href="/"
                target="_self"
              >
                Maecenas luctus
              </a>
            </li>
          </ul>
        </nav>
        <header
          className="base slowFadeEnter"
          id="product-description-header-undefined"
        >
          <h1
            className="base xLarge dark productName"
          >
            Lorem ipsum dolor
          </h1>
          <p
            className="base dark description"
          >
            Nunc sagittis ultrices dignissim. Nullam dignissim nisi nec dolor blandit convallis. Suspendisse quis facilisis arcu, nec feugiat ligula.
          </p>
        </header>
        <div
          className="base dark"
        >
          <button
            className="base alternate blockStyle dark base fullWidth"
            data-test-ref="ADD_TO_CART_SMALL_CTA"
            disabled={false}
            onClick={[Function]}
            title="Add to your cart — undefined"
            type="button"
          >
            <span
              className="label"
            >
              <span>
                Lorem ipsum dolor added to your cart
              </span>
              <span>
                Add to your cart — undefined
              </span>
            </span>
          </button>
          <div
            className="cartMessage"
          >
            Quisque in felis id tellus condimentum scelerisque. Aliquam quis vestibulum felis, quis porta tellus
          </div>
          <dl
            className="base dark definitionList shiftInDownEnter"
          >
            <dt
              className="term slideIn"
            >
              Lorem ipsum dolor
            </dt>
            <dd
              className="description slideIn"
            >
              Lorem ipsum dolort, consectetur adipiscing elit.
            </dd>
            <dt
              className="term slideIn"
            >
              Ut consectetur mi
            </dt>
            <dd
              className="description slideIn"
            >
              Ut consectetur, vitae libero imperdiet id. 
            </dd>
            <dt
              className="term slideIn"
            >
              <span>
                Pellentesque tristique
              </span>
              <button
                className="base inlineStyle dark ingredientsTrigger"
                disabled={false}
                onClick={[Function]}
                title="Pellentesque tristique iaculis ipsum"
                type="button"
              >
                <svg
                  className="base plusAndCloseWithCircle dark"
                  data-ref=""
                  focusable="false"
                  height={22}
                  role="img"
                  style={
                    Object {
                      "height": "22px",
                      "width": "22px",
                    }
                  }
                  tabIndex={-1}
                  viewBox="0 0 50 50"
                  width={22}
                >
                  <g>
                    <circle
                      className="circle"
                      cx="25"
                      cy="25"
                      fill="none"
                      r="22"
                    />
                    <polygon
                      className="plus"
                      points="26.2,15.2 23.8,15.2 23.8,23.9 15,23.9 15,26.4 23.8,26.4 23.8,35.1 26.2,35.1 26.2,26.4 35,26.4 35,23.9 26.2,23.9 "
                    />
                    <polygon
                      className="close"
                      points="32.9,19 31.2,17.3 25,23.4 18.8,17.2 17,19 23.3,25.2 17.1,31.3 18.8,33 25,26.9 31.2,33.1 33,31.3 26.7,25.1 "
                    />
                  </g>
                </svg>
              </button>
            </dt>
            <dd
              className="description slideIn"
            >
              Maecenas mattis, urna vel commodo vehicula
            </dd>
          </dl>
          <button
            className="base alternate blockStyle dark base fullWidth"
            data-test-ref="ADD_TO_CART_SMALL_CTA"
            disabled={false}
            onClick={[Function]}
            title="Add to your cart — undefined"
            type="button"
          >
            <span
              className="label"
            >
              <span>
                Lorem ipsum dolor added to your cart
              </span>
              <span>
                Add to your cart — undefined
              </span>
            </span>
          </button>
          <div
            className="cartMessage"
          >
            Quisque in felis id tellus condimentum scelerisque. Aliquam quis vestibulum felis, quis porta tellus
          </div>
        </div>
      </div>
    </div>
  </div>
</div>
`;
