// Jest Snapshot v1, https://goo.gl/fbAQLP

exports[`<Video /> renders base component correctly 1`] = `
<figure
  className="base fullWidth"
  id="video"
  role="group"
>
  <video
    autoPlay={true}
    className="base"
    controls={false}
    loop={true}
    muted={true}
    playsInline={true}
  >
    <source
      media="(min-width: 1025px)"
      src="https://player.vimeo.com/external/300219772.hd.mp4?s=981a375b08836e6d99532afaefda0b9a78fbf404&profile_id=174"
      type="video/mp4"
    />
    <source
      media="(min-width: 640px)"
      src="https://player.vimeo.com/external/300219772.hd.mp4?s=981a375b08836e6d99532afaefda0b9a78fbf404&profile_id=174"
      type="video/mp4"
    />
    <source
      media="(min-width: 0px)"
      src="https://player.vimeo.com/external/300219772.hd.mp4?s=981a375b08836e6d99532afaefda0b9a78fbf404&profile_id=174"
      type="video/mp4"
    />
  </video>
  <button
    className="base inlineStyle dark base fadeEnter"
    disabled={false}
    onClick={[Function]}
    title="View video"
    type="button"
  >
    <picture
      className="base picture dark"
    >
      <img
        alt="How to Use Video for Tea Tree Leaf Facial Exfoliant"
      />
    </picture>
  </button>
  <div
    className="base"
  >
    <div
      className="zoomEnter"
    >
      <div
        className="fullScreenControlsHeader"
      >
        <button
          className="base inlineStyle dark close"
          disabled={false}
          onClick={[Function]}
          title="Close"
          type="button"
        >
          Close
          <svg
            className="base close light icon"
            data-ref=""
            focusable="false"
            height={12}
            role="img"
            style={
              Object {
                "height": "12px",
                "width": "12px",
              }
            }
            tabIndex={-1}
            viewBox="0 0 50 50"
            width={12}
          >
            <g>
              <polygon
                className="close"
                points="50,5 45,0 25,20 5,0 0,5 20,25 0,45 5,50 25,30 45,50 50,45 30,25"
              />
            </g>
          </svg>
        </button>
        <button
          className="base inlineStyle dark fullScreenPlayPauseButton"
          disabled={false}
          onClick={[Function]}
          title="Pause video"
          type="button"
        >
          <svg
            className="base pause light"
            data-ref=""
            focusable="false"
            height={26}
            role="img"
            style={
              Object {
                "height": "26px",
                "width": "26px",
              }
            }
            tabIndex={-1}
            viewBox="0 0 9 10"
            width={26}
          >
            <g>
              <polygon
                className="play"
                points="0,0 3,0 3,10 0,10 0,0"
              />
              <polygon
                className="play"
                points="6,0 9,0 9,10 6,10 6,0"
              />
            </g>
          </svg>
        </button>
      </div>
      <div
        className="progressBar"
      >
        <div
          className="progress"
          style={
            Object {
              "width": "0%",
            }
          }
        />
      </div>
    </div>
    <button
      className="base inlineStyle dark playPauseButton"
      disabled={false}
      onClick={[Function]}
      title="Pause video"
      type="button"
    >
      <span
        className="playPauseButtonIcon"
      >
        <svg
          className="base pause dark"
          data-ref=""
          focusable="false"
          height={12}
          role="img"
          style={
            Object {
              "height": "12px",
              "width": "12px",
            }
          }
          tabIndex={-1}
          viewBox="0 0 9 10"
          width={12}
        >
          <g>
            <polygon
              className="play"
              points="0,0 3,0 3,10 0,10 0,0"
            />
            <polygon
              className="play"
              points="6,0 9,0 9,10 6,10 6,0"
            />
          </g>
        </svg>
      </span>
      <span
        className="playPauseButtonLabel"
      >
        
      </span>
    </button>
  </div>
</figure>
`;
