// Jest Snapshot v1, https://goo.gl/fbAQLP

exports[`<TermsBox /> renders base component correctly 1`] = `
<label
  htmlFor="test-textarea"
>
  <div
    className="base"
  >
    <textarea
      className="term"
      disabled={true}
      id="test-textarea"
      value="Lorem ipsum dolor sit amet, consectetur adipiscing elit. Quisque quis sem quis sem bibendum aliquet non nec sapien. Suspendisse felis dui, gravida non ligula id, tempor pharetra sapien. Vestibulum porttitor felis vitae mollis porta. Lorem ipsum dolor sit amet, consectetur adipiscing elit. Quisque quis sem quis sem bibendum aliquet non nec sapien. Suspendisse felis dui, gravida non ligula id, tempor pharetra sapien. Vestibulum porttitor felis vitae mollis porta. Lorem ipsum dolor sit amet, consectetur adipiscing elit. Quisque quis sem quis sem bibendum aliquet non nec sapien. Suspendisse felis dui, gravida non ligula id, tempor pharetra sapien. Vestibulum porttitor felis vitae mollis porta. Lorem ipsum dolor sit amet, consectetur adipiscing elit. Quisque quis sem quis sem bibendum aliquet non nec sapien. Suspendisse felis dui, gravida non ligula id, tempor pharetra sapien. Vestibulum porttitor felis vitae mollis porta."
    />
  </div>
</label>
`;
