// Jest Snapshot v1, https://goo.gl/fbAQLP

exports[`<Footer /> renders base component correctly 1`] = `
<div
  className="base"
>
  <div
    className="base isNotVisible"
    style={
      Object {
        "backgroundColor": "#d5d5cc",
      }
    }
  >
    <span
      className="notificationMessage"
    >
      Sincere thanks for subscribing. We are always pleased to share ourpassionate interests with like - minded individuals.
    </span>
    <button
      className="closeButton"
      data-ref="close"
      onClick={[Function]}
      tabIndex={-1}
    >
      <svg
        className="base close dark"
        data-ref=""
        focusable="false"
        height={15}
        role="img"
        style={
          Object {
            "height": "15px",
            "width": "15px",
          }
        }
        tabIndex={-1}
        viewBox="0 0 50 50"
        width={15}
      >
        <g>
          <polygon
            className="close"
            points="50,5 45,0 25,20 5,0 0,5 20,25 0,45 5,50 25,30 45,50 50,45 30,25"
          />
        </g>
      </svg>
    </button>
  </div>
  <div
    className="block"
  >
    <div
      className="signup"
    >
      <div
        className="base"
      >
        <form
          onSubmit={[Function]}
        >
          <div
            className="inputField light"
          >
            <div
              className="footerNewsletterInputWrapper"
            >
              <div
                className="formText"
              >
                <label
                  htmlFor="newsletter-email"
                >
                  <input
                    className="formTextInput light footerNewsLetter"
                    disabled={false}
                    id="newsletter-email"
                    name="newsletter-email"
                    noValidate={true}
                    onChange={[Function]}
                    placeholder=""
                    type="text"
                  />
                  <span
                    className="formTextLabel light"
                  >
                    Email Address
                  </span>
                </label>
              </div>
            </div>
            <button
              className="button light"
              disabled={true}
            >
              <svg
                className="base rightArrow light signUpIcon light"
                data-ref=""
                focusable="false"
                height={12}
                role="img"
                style={
                  Object {
                    "height": "12px",
                    "width": "12px",
                  }
                }
                tabIndex={-1}
                viewBox="0 0 50 50"
                width={12}
              >
                <g>
                  <path
                    d="M30.1,5.3L50,25.1L30.1,45h-6.6l18-17.6H0v-4.8h41.5l-18-17.6h6.6V5.3z"
                  />
                </g>
              </svg>
            </button>
          </div>
          <section>
            <label
              className="base"
              htmlFor="subscription"
            >
              <input
                className="checkBox light"
                disabled={false}
                id="subscription"
                onChange={[Function]}
                type="checkbox"
              />
              <span
                className="content light"
              >
                Subscribe to communications about Aesop products, services, stores, events and matters of cultural interest.
              </span>
            </label>
            <label
              className="base"
              htmlFor="terms"
            >
              <input
                className="checkBox light"
                disabled={false}
                id="terms"
                onChange={[Function]}
                type="checkbox"
              />
              <span
                className="content light"
              >
                I accept the Terms & Conditions 
              </span>
            </label>
            <label
              htmlFor="term-condition"
            >
              <div
                className="base light"
              >
                <textarea
                  className="textarea light"
                  disabled={true}
                  id="term-condition"
                  rows={3}
                  value="Lorem ipsum dolor sit amet, consectetur adipiscing elit. Quisque quis sem quis sem bibendum aliquet non nec sapien. Suspendisse felis dui, gravida non ligula id, tempor pharetra sapien. Vestibulum porttitor felis vitae mollis porta. Lorem ipsum dolor sit amet, consectetur adipiscing elit. Quisque quis sem quis sem bibendum aliquet non nec sapien. Suspendisse felis dui, gravida non ligula id, tempor pharetra sapien. Vestibulum porttitor felis vitae mollis porta. Lorem ipsum dolor sit amet, consectetur adipiscing elit. Quisque quis sem quis sem bibendum aliquet non nec sapien. Suspendisse felis dui, gravida non ligula id, tempor pharetra sapien. Vestibulum porttitor felis vitae mollis porta. Lorem ipsum dolor sit amet, consectetur adipiscing elit. Quisque quis sem quis sem bibendum aliquet non nec sapien. Suspendisse felis dui, gravida non ligula id, tempor pharetra sapien. Vestibulum porttitor felis vitae mollis porta."
                />
              </div>
            </label>
          </section>
        </form>
      </div>
    </div>
    <section
      className="base light item"
    >
      <h5
        className="heading"
      >
        Orders & Support
      </h5>
      <div
        className="divider light"
      />
      <ul
        className="list"
      >
        <li>
          <a
            className="base hasIcon hasExternalIcon left light listItem"
            data-test-ref="DATA_TEST_REF_FOOTER_BLOCK_contact-us"
            href="https://www.aesop.com/au/r/contact-us"
            target="_self"
            title="Contact us"
          >
            Contact us
             
            <i
              aria-hidden="true"
              className="icon"
            >
              <svg
                className="base rightUpArrow light"
                data-ref=""
                focusable="false"
                height={12}
                role="img"
                style={
                  Object {
                    "height": "12px",
                    "width": "12px",
                  }
                }
                tabIndex={-1}
                viewBox="0 0 50 50"
                width={12}
              >
                <g>
                  <path
                    d="M21.8,0.2l28.1-0.1v28.1l-4.5,0l0.1-20.5L16.2,37.1l-3.4-3.4L42.1,4.4L21.8,4.4L21.8,0.2L21.8,0.2z"
                  />
                </g>
              </svg>
            </i>
          </a>
        </li>
        <li>
          <a
            className="base hasIcon hasExternalIcon left light listItem"
            data-test-ref="DATA_TEST_REF_FOOTER_BLOCK_delivery-and-returns"
            href="https://www.aesop.com/au/r/shipping/"
            target="_self"
            title="Delivery and returns"
          >
            Delivery and returns
             
            <i
              aria-hidden="true"
              className="icon"
            >
              <svg
                className="base rightUpArrow light"
                data-ref=""
                focusable="false"
                height={12}
                role="img"
                style={
                  Object {
                    "height": "12px",
                    "width": "12px",
                  }
                }
                tabIndex={-1}
                viewBox="0 0 50 50"
                width={12}
              >
                <g>
                  <path
                    d="M21.8,0.2l28.1-0.1v28.1l-4.5,0l0.1-20.5L16.2,37.1l-3.4-3.4L42.1,4.4L21.8,4.4L21.8,0.2L21.8,0.2z"
                  />
                </g>
              </svg>
            </i>
          </a>
        </li>
        <li>
          <a
            className="base hasIcon hasExternalIcon left light listItem"
            data-test-ref="DATA_TEST_REF_FOOTER_BLOCK_click-and-collect"
            href="https://www.aesop.com/au/r/contact-us"
            target="_self"
            title="Click And Collect"
          >
            Click And Collect
             
            <i
              aria-hidden="true"
              className="icon"
            >
              <svg
                className="base rightUpArrow light"
                data-ref=""
                focusable="false"
                height={12}
                role="img"
                style={
                  Object {
                    "height": "12px",
                    "width": "12px",
                  }
                }
                tabIndex={-1}
                viewBox="0 0 50 50"
                width={12}
              >
                <g>
                  <path
                    d="M21.8,0.2l28.1-0.1v28.1l-4.5,0l0.1-20.5L16.2,37.1l-3.4-3.4L42.1,4.4L21.8,4.4L21.8,0.2L21.8,0.2z"
                  />
                </g>
              </svg>
            </i>
          </a>
        </li>
        <li>
          <a
            className="base left light listItem"
            data-test-ref="DATA_TEST_REF_FOOTER_BLOCK_track-your-orders"
            href="https://www.aesop.com/au/r/shipping/"
            target="_self"
            title="Track Your Orders"
          >
            Track Your Orders
          </a>
        </li>
      </ul>
    </section>
    <section
      className="base light item"
    >
      <h5
        className="heading"
      >
        Services
      </h5>
      <div
        className="divider light"
      />
      <ul
        className="list"
      >
        <li>
          <a
            className="base left light listItem"
            data-test-ref="DATA_TEST_REF_FOOTER_BLOCK_video-consultation"
            href="https://www.aesop.com/au/r/contact-us"
            target="_self"
            title="Video Consultation"
          >
            Video Consultation
          </a>
        </li>
        <li>
          <a
            className="base left light listItem"
            data-test-ref="DATA_TEST_REF_FOOTER_BLOCK_live-assistance"
            href="https://www.aesop.com/au/r/shipping/"
            target="_self"
            title="Live Assistance"
          >
            Live Assistance
          </a>
        </li>
        <li>
          <a
            className="base left light listItem"
            data-test-ref="DATA_TEST_REF_FOOTER_BLOCK_call-and-collect"
            href="https://www.aesop.com/au/r/contact-us"
            target="_self"
            title="Call And Collect"
          >
            Call And Collect
          </a>
        </li>
        <li>
          <a
            className="base left light listItem"
            data-test-ref="DATA_TEST_REF_FOOTER_BLOCK_facial-appointment"
            href="https://www.aesop.com/au/r/shipping/"
            target="_self"
            title="Facial Appointment"
          >
            Facial Appointment
          </a>
        </li>
        <li>
          <a
            className="base left light listItem"
            data-test-ref="DATA_TEST_REF_FOOTER_BLOCK_corporate-gifts"
            href="https://www.aesop.com/au/r/shipping/"
            target="_self"
            title="Corporate Gifts"
          >
            Corporate Gifts
          </a>
        </li>
      </ul>
    </section>
    <section
      className="base light item"
    >
      <h5
        className="heading"
      >
        Shipping to
      </h5>
      <div
        className="divider light"
      />
      <ul
        className="list"
      />
      <div
        className="listItem"
      >
        TODO: Shipping To Component
      </div>
    </section>
    <section
      className="base light wideItem item"
    >
      <h5
        className="heading"
      >
        Acknowledgment of Country
      </h5>
      <div
        className="divider light"
      />
      <ul
        className="list"
      />
      <div
        className="listItem"
      >
        Aesop acknowledges the Traditional Owners of the lands on which we live and work, and pays deepest respects to Elders past, present and emerging. We also acknowledge that sovereignty of these lands has never been ceded.
      </div>
    </section>
    <section
      className="base light item"
    >
      <h5
        className="heading"
      >
        Sustainability
      </h5>
      <div
        className="divider light"
      />
      <ul
        className="list"
      />
      <div
        className="listItem"
      >
        Our approach to sustainability is guided by where we can have the greatest social and environmental impact.
      </div>
    </section>
    <section
      className="base light item"
    >
      <h5
        className="heading"
      >
        About
      </h5>
      <div
        className="divider light"
      />
      <ul
        className="list"
      >
        <li>
          <a
            className="base left light listItem"
            data-test-ref="DATA_TEST_REF_FOOTER_BLOCK_about-us"
            href="https://www.aesop.com/au/r/contact-us"
            target="_self"
            title="About Us"
          >
            About Us
          </a>
        </li>
        <li>
          <a
            className="base left light listItem"
            data-test-ref="DATA_TEST_REF_FOOTER_BLOCK_career"
            href="https://www.aesop.com/au/r/shipping/"
            target="_self"
            title="Career"
          >
            Career
          </a>
        </li>
        <li>
          <a
            className="base left light listItem"
            data-test-ref="DATA_TEST_REF_FOOTER_BLOCK_press"
            href="https://www.aesop.com/au/r/contact-us"
            target="_self"
            title="Press"
          >
            Press
          </a>
        </li>
        <li>
          <a
            className="base left light listItem"
            data-test-ref="DATA_TEST_REF_FOOTER_BLOCK_policy"
            href="https://www.aesop.com/au/r/shipping/"
            target="_self"
            title="Policy"
          >
            Policy
          </a>
        </li>
        <li>
          <a
            className="base left light listItem"
            data-test-ref="DATA_TEST_REF_FOOTER_BLOCK_privacy-policy"
            href="https://www.aesop.com/au/r/shipping/"
            target="_self"
            title="Privacy Policy"
          >
            Privacy Policy
          </a>
        </li>
        <li>
          <a
            className="base left light listItem"
            data-test-ref="DATA_TEST_REF_FOOTER_BLOCK_accessibility"
            href="https://www.aesop.com/au/r/shipping/"
            target="_self"
            title="Accessibility"
          >
            Accessibility
          </a>
        </li>
        <li>
          <a
            className="base left light listItem"
            data-test-ref="DATA_TEST_REF_FOOTER_BLOCK_terms-and-conditions"
            href="https://www.aesop.com/au/r/shipping/"
            target="_self"
            title="Terms and Conditions"
          >
            Terms and Conditions
          </a>
        </li>
      </ul>
    </section>
    <section
      className="base light item"
    >
      <h5
        className="heading"
      >
        Social Media
      </h5>
      <div
        className="divider light"
      />
      <ul
        className="list"
      >
        <li>
          <a
            className="base hasIcon hasExternalIcon left light listItem"
            data-test-ref="DATA_TEST_REF_FOOTER_BLOCK_instagram"
            href="https://www.aesop.com/au/r/contact-us"
            target="_self"
            title="Instagram"
          >
            Instagram
             
            <i
              aria-hidden="true"
              className="icon"
            >
              <svg
                className="base rightUpArrow light"
                data-ref=""
                focusable="false"
                height={12}
                role="img"
                style={
                  Object {
                    "height": "12px",
                    "width": "12px",
                  }
                }
                tabIndex={-1}
                viewBox="0 0 50 50"
                width={12}
              >
                <g>
                  <path
                    d="M21.8,0.2l28.1-0.1v28.1l-4.5,0l0.1-20.5L16.2,37.1l-3.4-3.4L42.1,4.4L21.8,4.4L21.8,0.2L21.8,0.2z"
                  />
                </g>
              </svg>
            </i>
          </a>
        </li>
        <li>
          <a
            className="base hasIcon hasExternalIcon left light listItem"
            data-test-ref="DATA_TEST_REF_FOOTER_BLOCK_twitter"
            href="https://www.aesop.com/au/r/contact-us"
            target="_self"
            title="Twitter"
          >
            Twitter
             
            <i
              aria-hidden="true"
              className="icon"
            >
              <svg
                className="base rightUpArrow light"
                data-ref=""
                focusable="false"
                height={12}
                role="img"
                style={
                  Object {
                    "height": "12px",
                    "width": "12px",
                  }
                }
                tabIndex={-1}
                viewBox="0 0 50 50"
                width={12}
              >
                <g>
                  <path
                    d="M21.8,0.2l28.1-0.1v28.1l-4.5,0l0.1-20.5L16.2,37.1l-3.4-3.4L42.1,4.4L21.8,4.4L21.8,0.2L21.8,0.2z"
                  />
                </g>
              </svg>
            </i>
          </a>
        </li>
        <li>
          <a
            className="base hasIcon hasExternalIcon left light listItem"
            data-test-ref="DATA_TEST_REF_FOOTER_BLOCK_kakao"
            href="https://www.aesop.com/au/r/contact-us"
            target="_self"
            title="KaKao Plus Friends"
          >
            KaKao Plus Friends
             
            <i
              aria-hidden="true"
              className="icon"
            >
              <svg
                className="base rightUpArrow light"
                data-ref=""
                focusable="false"
                height={12}
                role="img"
                style={
                  Object {
                    "height": "12px",
                    "width": "12px",
                  }
                }
                tabIndex={-1}
                viewBox="0 0 50 50"
                width={12}
              >
                <g>
                  <path
                    d="M21.8,0.2l28.1-0.1v28.1l-4.5,0l0.1-20.5L16.2,37.1l-3.4-3.4L42.1,4.4L21.8,4.4L21.8,0.2L21.8,0.2z"
                  />
                </g>
              </svg>
            </i>
          </a>
        </li>
        <li>
          <a
            className="base hasIcon hasExternalIcon left light listItem"
            data-test-ref="DATA_TEST_REF_FOOTER_BLOCK_naver-post"
            href="https://www.aesop.com/au/r/contact-us"
            target="_self"
            title="Naver Post"
          >
            Naver Post
             
            <i
              aria-hidden="true"
              className="icon"
            >
              <svg
                className="base rightUpArrow light"
                data-ref=""
                focusable="false"
                height={12}
                role="img"
                style={
                  Object {
                    "height": "12px",
                    "width": "12px",
                  }
                }
                tabIndex={-1}
                viewBox="0 0 50 50"
                width={12}
              >
                <g>
                  <path
                    d="M21.8,0.2l28.1-0.1v28.1l-4.5,0l0.1-20.5L16.2,37.1l-3.4-3.4L42.1,4.4L21.8,4.4L21.8,0.2L21.8,0.2z"
                  />
                </g>
              </svg>
            </i>
          </a>
        </li>
      </ul>
    </section>
  </div>
  <div
    className="bottom"
  >
    © Aesop
  </div>
</div>
`;
