// Jest Snapshot v1, https://goo.gl/fbAQLP

exports[`<CheckBox /> renders base component correctly 1`] = `
<label
  className="base"
  htmlFor="test-checkbox"
>
  <input
    className="checkBox"
    disabled={false}
    id="test-checkbox"
    type="checkbox"
  />
  <span
    className="content"
  >
    Subscribe to communications about Aesop products, services, stores, events and matters of cultural interest.
  </span>
</label>
`;
