// Jest Snapshot v1, https://goo.gl/fbAQLP

exports[`<LoginFormView /> renders base component correctly 1`] = `
<div
  className="base base"
>
  <form
    onReset={[Function]}
    onSubmit={[Function]}
  >
    <div
      className="base"
    >
      <label
        className="label"
        htmlFor="username"
      >
        Username
      </label>
      <input
        className="input"
        data-test-ref="username"
        id="username"
        name="username"
        onBlur={[Function]}
        onChange={[Function]}
        onFocus={[Function]}
        placeholder=""
        type="text"
        value=""
      />
      <div
        className="errorMessage"
        data-test-ref="username_ERROR"
      >
        
      </div>
    </div>
    <div
      className="base"
    >
      <label
        className="label"
        htmlFor="password"
      >
        Password
      </label>
      <input
        className="input"
        data-test-ref="password"
        id="password"
        name="password"
        onBlur={[Function]}
        onChange={[Function]}
        onFocus={[Function]}
        placeholder=""
        type="password"
        value=""
      />
      <div
        className="errorMessage"
        data-test-ref="password_ERROR"
      >
        
      </div>
    </div>
    <button
      className="base block action"
      disabled={false}
      onClick={[Function]}
      title="Login form submit button"
      type="button"
    >
      Login
    </button>
  </form>
</div>
`;
