// Jest Snapshot v1, https://goo.gl/fbAQLP

exports[`<Quote /> renders base component correctly 1`] = `
<div
  className="base dark"
>
  <div
    className="wrapper"
  >
    <blockquote
      className="blockquote"
    >
      ‘Lorem ipsum dolor sit amet, consectetur adipiscing sit amet ipsum dolor elit’
    </blockquote>
    <cite
      className="author"
    >
      Lorem ipsum
    </cite>
  </div>
</div>
`;
