// Jest Snapshot v1, https://goo.gl/fbAQLP

exports[`<Quote /> renders base component correctly 1`] = `
<div
  className="base"
>
  <div
    className="wrapper"
  >
    <blockquote
      className="blockquote"
    >
      ‘Do not wish to be anything but what you are, and try to be that perfectly’
    </blockquote>
    <cite
      className="author"
    >
      Diana Ramirez
    </cite>
  </div>
</div>
`;
