// Jest Snapshot v1, https://goo.gl/fbAQLP

exports[`<DefinitionList /> renders base component correctly 1`] = `
<dl
  className="base dark"
>
  <dt
    className="term slideIn"
  >
    Aliquam
  </dt>
  <dd
    className="description slideIn"
  >
    Proin vulputate eros quis lectus pretium gravida.
  </dd>
  <dt
    className="term slideIn"
  >
    Etiam eu augue quam
  </dt>
  <dd
    className="description slideIn"
  >
    Pulvinar nulla enim, eu elementum lacus vehicula sed.
  </dd>
  <dt
    className="term slideIn"
  >
    Duis at elit
  </dt>
  <dd
    className="description slideIn"
  >
    Sed ac ipsum vel risus aliquam rutrum.
  </dd>
</dl>
`;
