// Jest Snapshot v1, https://goo.gl/fbAQLP

exports[`<Select /> renders base component correctly 1`] = `
<div
  className="base hasFocus hasError"
>
  <label
    className="label"
    htmlFor="selectName"
  >
    Select label
  </label>
  <select
    className="input"
    data-test-ref="select"
    id="selectName"
    name="selectName"
    onBlur={[Function]}
    onChange={[MockFunction]}
    onFocus={[Function]}
    value="select"
  >
    <option
      value=""
    />
    <option
      value="fabulist"
    >
      Fabulist
    </option>
    <option
      value="ledger"
    >
      Ledger
    </option>
  </select>
  <div
    className="errorMessage"
  >
    This is an error message
  </div>
</div>
`;
