// Jest Snapshot v1, https://goo.gl/fbAQLP

exports[`<NewsLetterSignUp /> renders base component correctly 1`] = `
<div
  className="base"
>
  <form
    onSubmit={[Function]}
  >
    <div
      className="inputField light"
    >
      <div
        className="footerNewsletterInputWrapper"
      >
        <div
          className="formText"
        >
          <label
            htmlFor="newsletter-email"
          >
            <input
              className="formTextInput light footerNewsLetter"
              disabled={false}
              id="newsletter-email"
              name="newsletter-email"
              noValidate={true}
              onChange={[Function]}
              placeholder=""
              type="text"
            />
            <span
              className="formTextLabel light"
            >
              Email Address
            </span>
          </label>
        </div>
      </div>
      <button
        className="button light"
        disabled={true}
      >
        <svg
          className="base rightArrow light signUpIcon light"
          data-ref=""
          focusable="false"
          height={12}
          role="img"
          style={
            Object {
              "height": "12px",
              "width": "12px",
            }
          }
          tabIndex={-1}
          viewBox="0 0 50 50"
          width={12}
        >
          <g>
            <path
              d="M30.1,5.3L50,25.1L30.1,45h-6.6l18-17.6H0v-4.8h41.5l-18-17.6h6.6V5.3z"
            />
          </g>
        </svg>
      </button>
    </div>
    <div
      className="footerNewsletterErrorMessage"
    />
    <section>
      <label
        className="base"
        htmlFor="subscription"
      >
        <input
          className="checkBox light"
          disabled={false}
          id="subscription"
          onChange={[Function]}
          type="checkbox"
        />
        <span
          className="content light"
        >
          Subscribe to communications about Aesop products, services, stores, events and matters of cultural interest.
        </span>
      </label>
      <label
        className="base"
        htmlFor="terms"
      >
        <input
          className="checkBox light"
          disabled={false}
          id="terms"
          onChange={[Function]}
          type="checkbox"
        />
        <span
          className="content light"
        >
          I accept the Terms & Conditions 
        </span>
      </label>
      <label
        htmlFor="term-condition"
      >
        <div
          className="base light"
        >
          <textarea
            className="textarea light"
            disabled={true}
            id="term-condition"
            rows={3}
            value="Lorem ipsum dolor sit amet, consectetur adipiscing elit. Quisque quis sem quis sem bibendum aliquet non nec sapien. Suspendisse felis dui, gravida non ligula id, tempor pharetra sapien. Vestibulum porttitor felis vitae mollis porta. Lorem ipsum dolor sit amet, consectetur adipiscing elit. Quisque quis sem quis sem bibendum aliquet non nec sapien. Suspendisse felis dui, gravida non ligula id, tempor pharetra sapien. Vestibulum porttitor felis vitae mollis porta. Lorem ipsum dolor sit amet, consectetur adipiscing elit. Quisque quis sem quis sem bibendum aliquet non nec sapien. Suspendisse felis dui, gravida non ligula id, tempor pharetra sapien. Vestibulum porttitor felis vitae mollis porta. Lorem ipsum dolor sit amet, consectetur adipiscing elit. Quisque quis sem quis sem bibendum aliquet non nec sapien. Suspendisse felis dui, gravida non ligula id, tempor pharetra sapien. Vestibulum porttitor felis vitae mollis porta."
          />
        </div>
      </label>
    </section>
  </form>
</div>
`;
