// Jest Snapshot v1, https://goo.gl/fbAQLP

exports[`<Carousel /> renders base component correctly 1`] = `
<div
  className="base dark"
>
  <div
    className="slick-slider carousel slick-initialized"
    dir="ltr"
  >
    <button
      className="base inlineStyle dark base hidden"
      disabled={false}
      onClick={null}
      title="next slide"
      type="button"
    >
      <svg
        className="base chevron dark"
        data-ref=""
        focusable="false"
        height={16}
        role="img"
        style={
          Object {
            "height": "16px",
            "width": "16px",
          }
        }
        tabIndex={-1}
        viewBox="0 0 50 50"
        width={16}
      >
        <g>
          <polygon
            className="chevron"
            points="25,31.3 4.2,10.5 0.1,14.6 25,39.5 50,14.6 45.9,10.5"
          />
        </g>
      </svg>
    </button>
    <div
      className="slick-list"
      onClick={[Function]}
      onKeyDown={[Function]}
      onMouseDown={[Function]}
      onMouseLeave={null}
      onMouseMove={null}
      onMouseUp={[Function]}
      onTouchCancel={null}
      onTouchEnd={[Function]}
      onTouchMove={null}
      onTouchStart={[Function]}
      style={Object {}}
    >
      <div
        className="slick-track"
        onMouseEnter={[Function]}
        onMouseLeave={[Function]}
        onMouseOver={[Function]}
        style={
          Object {
            "WebkitTransform": "translate3d(0px, 0px, 0px)",
            "WebkitTransition": "",
            "msTransform": "translateX(0px)",
            "opacity": 1,
            "transform": "translate3d(0px, 0px, 0px)",
            "transition": "",
          }
        }
      >
        <div
          aria-hidden={false}
          className="slick-slide slick-active slick-current"
          data-index={0}
          onClick={[Function]}
          style={
            Object {
              "outline": "none",
              "width": 0,
            }
          }
          tabIndex="-1"
        >
          <div>
            <div
              style={
                Object {
                  "display": "inline-block",
                  "width": "100%",
                }
              }
              tabIndex={-1}
            >
              <h3>
                1
              </h3>
            </div>
          </div>
        </div>
        <div
          aria-hidden={false}
          className="slick-slide slick-active"
          data-index={1}
          onClick={[Function]}
          style={
            Object {
              "outline": "none",
              "width": 0,
            }
          }
          tabIndex="-1"
        >
          <div>
            <div
              style={
                Object {
                  "display": "inline-block",
                  "width": "100%",
                }
              }
              tabIndex={-1}
            >
              <h3>
                2
              </h3>
            </div>
          </div>
        </div>
        <div
          aria-hidden={false}
          className="slick-slide slick-active"
          data-index={2}
          onClick={[Function]}
          style={
            Object {
              "outline": "none",
              "width": 0,
            }
          }
          tabIndex="-1"
        >
          <div>
            <div
              style={
                Object {
                  "display": "inline-block",
                  "width": "100%",
                }
              }
              tabIndex={-1}
            >
              <h3>
                3
              </h3>
            </div>
          </div>
        </div>
        <div
          aria-hidden={false}
          className="slick-slide slick-active"
          data-index={3}
          onClick={[Function]}
          style={
            Object {
              "outline": "none",
              "width": 0,
            }
          }
          tabIndex="-1"
        >
          <div>
            <div
              style={
                Object {
                  "display": "inline-block",
                  "width": "100%",
                }
              }
              tabIndex={-1}
            >
              <h3>
                4
              </h3>
            </div>
          </div>
        </div>
        <div
          aria-hidden={true}
          className="slick-slide"
          data-index={4}
          onClick={[Function]}
          style={
            Object {
              "outline": "none",
              "width": 0,
            }
          }
          tabIndex="-1"
        >
          <div>
            <div
              style={
                Object {
                  "display": "inline-block",
                  "width": "100%",
                }
              }
              tabIndex={-1}
            >
              <h3>
                5
              </h3>
            </div>
          </div>
        </div>
        <div
          aria-hidden={true}
          className="slick-slide"
          data-index={5}
          onClick={[Function]}
          style={
            Object {
              "outline": "none",
              "width": 0,
            }
          }
          tabIndex="-1"
        >
          <div>
            <div
              style={
                Object {
                  "display": "inline-block",
                  "width": "100%",
                }
              }
              tabIndex={-1}
            >
              <h3>
                6
              </h3>
            </div>
          </div>
        </div>
      </div>
    </div>
    <button
      className="base inlineStyle dark base"
      disabled={false}
      onClick={[Function]}
      title="next slide"
      type="button"
    >
      <svg
        className="base chevron dark"
        data-ref=""
        focusable="false"
        height={16}
        role="img"
        style={
          Object {
            "height": "16px",
            "width": "16px",
          }
        }
        tabIndex={-1}
        viewBox="0 0 50 50"
        width={16}
      >
        <g>
          <polygon
            className="chevron"
            points="25,31.3 4.2,10.5 0.1,14.6 25,39.5 50,14.6 45.9,10.5"
          />
        </g>
      </svg>
    </button>
    <div
      className="base"
    >
      <ul
        className="list dark"
      >
        <li
          className="slick-active"
        >
          <div
            onClick={[Function]}
          />
        </li>
        <li
          className=""
        >
          <div
            onClick={[Function]}
          />
        </li>
        <li
          className=""
        >
          <div
            onClick={[Function]}
          />
        </li>
      </ul>
    </div>
  </div>
</div>
`;

exports[`<Carousel /> renders component correctly if no \`introduction\` prop is provided 1`] = `
<div
  className="base dark"
>
  <div
    className="slick-slider carousel slick-initialized"
    dir="ltr"
  >
    <button
      className="base inlineStyle dark base hidden"
      disabled={false}
      onClick={null}
      title="next slide"
      type="button"
    >
      <svg
        className="base chevron dark"
        data-ref=""
        focusable="false"
        height={16}
        role="img"
        style={
          Object {
            "height": "16px",
            "width": "16px",
          }
        }
        tabIndex={-1}
        viewBox="0 0 50 50"
        width={16}
      >
        <g>
          <polygon
            className="chevron"
            points="25,31.3 4.2,10.5 0.1,14.6 25,39.5 50,14.6 45.9,10.5"
          />
        </g>
      </svg>
    </button>
    <div
      className="slick-list"
      onClick={[Function]}
      onKeyDown={[Function]}
      onMouseDown={[Function]}
      onMouseLeave={null}
      onMouseMove={null}
      onMouseUp={[Function]}
      onTouchCancel={null}
      onTouchEnd={[Function]}
      onTouchMove={null}
      onTouchStart={[Function]}
      style={Object {}}
    >
      <div
        className="slick-track"
        onMouseEnter={[Function]}
        onMouseLeave={[Function]}
        onMouseOver={[Function]}
        style={
          Object {
            "WebkitTransform": "translate3d(0px, 0px, 0px)",
            "WebkitTransition": "",
            "msTransform": "translateX(0px)",
            "opacity": 1,
            "transform": "translate3d(0px, 0px, 0px)",
            "transition": "",
          }
        }
      >
        <div
          aria-hidden={false}
          className="slick-slide slick-active slick-current"
          data-index={0}
          onClick={[Function]}
          style={
            Object {
              "outline": "none",
              "width": 0,
            }
          }
          tabIndex="-1"
        >
          <div>
            <div
              style={
                Object {
                  "display": "inline-block",
                  "width": "100%",
                }
              }
              tabIndex={-1}
            >
              <h3>
                1
              </h3>
            </div>
          </div>
        </div>
        <div
          aria-hidden={false}
          className="slick-slide slick-active"
          data-index={1}
          onClick={[Function]}
          style={
            Object {
              "outline": "none",
              "width": 0,
            }
          }
          tabIndex="-1"
        >
          <div>
            <div
              style={
                Object {
                  "display": "inline-block",
                  "width": "100%",
                }
              }
              tabIndex={-1}
            >
              <h3>
                2
              </h3>
            </div>
          </div>
        </div>
        <div
          aria-hidden={false}
          className="slick-slide slick-active"
          data-index={2}
          onClick={[Function]}
          style={
            Object {
              "outline": "none",
              "width": 0,
            }
          }
          tabIndex="-1"
        >
          <div>
            <div
              style={
                Object {
                  "display": "inline-block",
                  "width": "100%",
                }
              }
              tabIndex={-1}
            >
              <h3>
                3
              </h3>
            </div>
          </div>
        </div>
        <div
          aria-hidden={false}
          className="slick-slide slick-active"
          data-index={3}
          onClick={[Function]}
          style={
            Object {
              "outline": "none",
              "width": 0,
            }
          }
          tabIndex="-1"
        >
          <div>
            <div
              style={
                Object {
                  "display": "inline-block",
                  "width": "100%",
                }
              }
              tabIndex={-1}
            >
              <h3>
                4
              </h3>
            </div>
          </div>
        </div>
        <div
          aria-hidden={true}
          className="slick-slide"
          data-index={4}
          onClick={[Function]}
          style={
            Object {
              "outline": "none",
              "width": 0,
            }
          }
          tabIndex="-1"
        >
          <div>
            <div
              style={
                Object {
                  "display": "inline-block",
                  "width": "100%",
                }
              }
              tabIndex={-1}
            >
              <h3>
                5
              </h3>
            </div>
          </div>
        </div>
        <div
          aria-hidden={true}
          className="slick-slide"
          data-index={5}
          onClick={[Function]}
          style={
            Object {
              "outline": "none",
              "width": 0,
            }
          }
          tabIndex="-1"
        >
          <div>
            <div
              style={
                Object {
                  "display": "inline-block",
                  "width": "100%",
                }
              }
              tabIndex={-1}
            >
              <h3>
                6
              </h3>
            </div>
          </div>
        </div>
      </div>
    </div>
    <button
      className="base inlineStyle dark base"
      disabled={false}
      onClick={[Function]}
      title="next slide"
      type="button"
    >
      <svg
        className="base chevron dark"
        data-ref=""
        focusable="false"
        height={16}
        role="img"
        style={
          Object {
            "height": "16px",
            "width": "16px",
          }
        }
        tabIndex={-1}
        viewBox="0 0 50 50"
        width={16}
      >
        <g>
          <polygon
            className="chevron"
            points="25,31.3 4.2,10.5 0.1,14.6 25,39.5 50,14.6 45.9,10.5"
          />
        </g>
      </svg>
    </button>
    <div
      className="base"
    >
      <ul
        className="list dark"
      >
        <li
          className="slick-active"
        >
          <div
            onClick={[Function]}
          />
        </li>
        <li
          className=""
        >
          <div
            onClick={[Function]}
          />
        </li>
        <li
          className=""
        >
          <div
            onClick={[Function]}
          />
        </li>
      </ul>
    </div>
  </div>
</div>
`;

exports[`<Carousel /> renders component correctly if no \`url\` member is provided on the \`slides\` prop 1`] = `
<div
  className="base dark"
>
  <div
    className="slick-slider carousel slick-initialized"
    dir="ltr"
  >
    <button
      className="base inlineStyle dark base hidden"
      disabled={false}
      onClick={null}
      title="next slide"
      type="button"
    >
      <svg
        className="base chevron dark"
        data-ref=""
        focusable="false"
        height={16}
        role="img"
        style={
          Object {
            "height": "16px",
            "width": "16px",
          }
        }
        tabIndex={-1}
        viewBox="0 0 50 50"
        width={16}
      >
        <g>
          <polygon
            className="chevron"
            points="25,31.3 4.2,10.5 0.1,14.6 25,39.5 50,14.6 45.9,10.5"
          />
        </g>
      </svg>
    </button>
    <div
      className="slick-list"
      onClick={[Function]}
      onKeyDown={[Function]}
      onMouseDown={[Function]}
      onMouseLeave={null}
      onMouseMove={null}
      onMouseUp={[Function]}
      onTouchCancel={null}
      onTouchEnd={[Function]}
      onTouchMove={null}
      onTouchStart={[Function]}
      style={Object {}}
    >
      <div
        className="slick-track"
        onMouseEnter={[Function]}
        onMouseLeave={[Function]}
        onMouseOver={[Function]}
        style={
          Object {
            "WebkitTransform": "translate3d(0px, 0px, 0px)",
            "WebkitTransition": "",
            "msTransform": "translateX(0px)",
            "opacity": 1,
            "transform": "translate3d(0px, 0px, 0px)",
            "transition": "",
          }
        }
      >
        <div
          aria-hidden={false}
          className="slick-slide slick-active slick-current"
          data-index={0}
          onClick={[Function]}
          style={
            Object {
              "outline": "none",
              "width": 0,
            }
          }
          tabIndex="-1"
        >
          <div>
            <div
              style={
                Object {
                  "display": "inline-block",
                  "width": "100%",
                }
              }
              tabIndex={-1}
            >
              <h3>
                1
              </h3>
            </div>
          </div>
        </div>
        <div
          aria-hidden={false}
          className="slick-slide slick-active"
          data-index={1}
          onClick={[Function]}
          style={
            Object {
              "outline": "none",
              "width": 0,
            }
          }
          tabIndex="-1"
        >
          <div>
            <div
              style={
                Object {
                  "display": "inline-block",
                  "width": "100%",
                }
              }
              tabIndex={-1}
            >
              <h3>
                2
              </h3>
            </div>
          </div>
        </div>
        <div
          aria-hidden={false}
          className="slick-slide slick-active"
          data-index={2}
          onClick={[Function]}
          style={
            Object {
              "outline": "none",
              "width": 0,
            }
          }
          tabIndex="-1"
        >
          <div>
            <div
              style={
                Object {
                  "display": "inline-block",
                  "width": "100%",
                }
              }
              tabIndex={-1}
            >
              <h3>
                3
              </h3>
            </div>
          </div>
        </div>
        <div
          aria-hidden={false}
          className="slick-slide slick-active"
          data-index={3}
          onClick={[Function]}
          style={
            Object {
              "outline": "none",
              "width": 0,
            }
          }
          tabIndex="-1"
        >
          <div>
            <div
              style={
                Object {
                  "display": "inline-block",
                  "width": "100%",
                }
              }
              tabIndex={-1}
            >
              <h3>
                4
              </h3>
            </div>
          </div>
        </div>
        <div
          aria-hidden={true}
          className="slick-slide"
          data-index={4}
          onClick={[Function]}
          style={
            Object {
              "outline": "none",
              "width": 0,
            }
          }
          tabIndex="-1"
        >
          <div>
            <div
              style={
                Object {
                  "display": "inline-block",
                  "width": "100%",
                }
              }
              tabIndex={-1}
            >
              <h3>
                5
              </h3>
            </div>
          </div>
        </div>
        <div
          aria-hidden={true}
          className="slick-slide"
          data-index={5}
          onClick={[Function]}
          style={
            Object {
              "outline": "none",
              "width": 0,
            }
          }
          tabIndex="-1"
        >
          <div>
            <div
              style={
                Object {
                  "display": "inline-block",
                  "width": "100%",
                }
              }
              tabIndex={-1}
            >
              <h3>
                6
              </h3>
            </div>
          </div>
        </div>
      </div>
    </div>
    <button
      className="base inlineStyle dark base"
      disabled={false}
      onClick={[Function]}
      title="next slide"
      type="button"
    >
      <svg
        className="base chevron dark"
        data-ref=""
        focusable="false"
        height={16}
        role="img"
        style={
          Object {
            "height": "16px",
            "width": "16px",
          }
        }
        tabIndex={-1}
        viewBox="0 0 50 50"
        width={16}
      >
        <g>
          <polygon
            className="chevron"
            points="25,31.3 4.2,10.5 0.1,14.6 25,39.5 50,14.6 45.9,10.5"
          />
        </g>
      </svg>
    </button>
    <div
      className="base"
    >
      <ul
        className="list dark"
      >
        <li
          className="slick-active"
        >
          <div
            onClick={[Function]}
          />
        </li>
        <li
          className=""
        >
          <div
            onClick={[Function]}
          />
        </li>
        <li
          className=""
        >
          <div
            onClick={[Function]}
          />
        </li>
      </ul>
    </div>
  </div>
</div>
`;
