// Jest Snapshot v1, https://goo.gl/fbAQLP

exports[`<Heading /> renders base component correctly 1`] = `
<h1
  className="base large"
>
  Heading
</h1>
`;

exports[`<Heading /> renders level 2 size medium variation correctly 1`] = `
<h2
  className="base medium"
>
  Heading
</h2>
`;

exports[`<Heading /> renders level 4 size small variation correctly 1`] = `
<h4
  className="base small"
>
  Heading
</h4>
`;
