// Jest Snapshot v1, https://goo.gl/fbAQLP

exports[`<ImageWithHeaderAndContent /> renders base component correctly 1`] = `
<section
  className="base theme-1"
>
  <picture
    className="picture base figure"
  >
    <source
      media="(min-width: 1025px)"
      srcSet="https://www.aesop.com/medias/Aesop-Skin-Classic-Purifying-Facial-Exfoliant-Paste-Texture-50-50-Mobile-640x640px.jpg?context=bWFzdGVyfGltYWdlc3wyNDg1OHxpbWFnZS9qcGVnfGltYWdlcy9oMjIvaDBkLzkxMTYyMjg1MTc5MTguanBnfDJjZDUzMjI4N2EzZDgyYzE1ZTk3MTM4OWFjODU5N2Q2NjQ4YTAxNzcwZmE4YjBlZDQ2YTJmYTRhOTI5ZWQyY2I"
    />
    <source
      media="(min-width: 640px)"
      srcSet="https://www.aesop.com/medias/Aesop-Skin-Classic-Purifying-Facial-Exfoliant-Paste-Texture-50-50-Mobile-640x640px.jpg?context=bWFzdGVyfGltYWdlc3wyNDg1OHxpbWFnZS9qcGVnfGltYWdlcy9oMjIvaDBkLzkxMTYyMjg1MTc5MTguanBnfDJjZDUzMjI4N2EzZDgyYzE1ZTk3MTM4OWFjODU5N2Q2NjQ4YTAxNzcwZmE4YjBlZDQ2YTJmYTRhOTI5ZWQyY2I"
    />
    <source
      media="(min-width: 0px)"
      srcSet="https://www.aesop.com/medias/Aesop-Skin-Classic-Purifying-Facial-Exfoliant-Paste-Texture-50-50-Mobile-640x640px.jpg?context=bWFzdGVyfGltYWdlc3wyNDg1OHxpbWFnZS9qcGVnfGltYWdlcy9oMjIvaDBkLzkxMTYyMjg1MTc5MTguanBnfDJjZDUzMjI4N2EzZDgyYzE1ZTk3MTM4OWFjODU5N2Q2NjQ4YTAxNzcwZmE4YjBlZDQ2YTJmYTRhOTI5ZWQyY2I"
    />
    <img
      alt="alt image"
    />
  </picture>
  <div
    className="container"
  >
    <div
      className="wrapper"
    >
      <header>
        <h2
          className="base xSmall title"
        >
          How to use
        </h2>
        <h3
          className="base serifFont xLarge"
        >
          A comprehensive skin care regimen, ideal in urban environments.
        </h3>
        <p
          className="base description"
        >
          Morning and evening, use Parsley Seed Facial Cleansing Oil, Facial Toner, Anti-Oxidant Serum, and Eye Cream. Twice weekly, apply Masque after cleansing; follow with Facial Treatment.
        </p>
      </header>
      <dl
        className="base"
      >
        <dt
          className="term"
        >
          Dosage
        </dt>
        <dd
          className="description"
        >
          Desired amount
        </dd>
        <dt
          className="term"
        >
          Texture
        </dt>
        <dd
          className="description"
        >
          Water-soluble cream with fine grain
        </dd>
        <dt
          className="term"
        >
          Aroma
        </dt>
        <dd
          className="description"
        >
          Herbaceous, floral, earthy
        </dd>
      </dl>
    </div>
  </div>
</section>
`;
