// Jest Snapshot v1, https://goo.gl/fbAQLP

exports[`<ImageWithHeaderAndContent /> renders base component correctly 1`] = `
<section
  className="base original dark"
  div={true}
  style={
    Object {
      "backgroundColor": "#F6F5E8",
    }
  }
>
  <div
    className="mediaWrapper"
  >
    <picture
      className="base picture dark"
    >
      <source
        media="(min-width: 1025px)"
        srcSet="https://www.aesop.com/medias/Aesop-Skin-Classic-Purifying-Facial-Exfoliant-Paste-Texture-50-50-Mobile-640x640px.jpg?context=bWFzdGVyfGltYWdlc3wyNDg1OHxpbWFnZS9qcGVnfGltYWdlcy9oMjIvaDBkLzkxMTYyMjg1MTc5MTguanBnfDJjZDUzMjI4N2EzZDgyYzE1ZTk3MTM4OWFjODU5N2Q2NjQ4YTAxNzcwZmE4YjBlZDQ2YTJmYTRhOTI5ZWQyY2I"
      />
      <source
        media="(min-width: 640px)"
        srcSet="https://www.aesop.com/medias/Aesop-Skin-Classic-Purifying-Facial-Exfoliant-Paste-Texture-50-50-Mobile-640x640px.jpg?context=bWFzdGVyfGltYWdlc3wyNDg1OHxpbWFnZS9qcGVnfGltYWdlcy9oMjIvaDBkLzkxMTYyMjg1MTc5MTguanBnfDJjZDUzMjI4N2EzZDgyYzE1ZTk3MTM4OWFjODU5N2Q2NjQ4YTAxNzcwZmE4YjBlZDQ2YTJmYTRhOTI5ZWQyY2I"
      />
      <source
        media="(min-width: 0px)"
        srcSet="https://www.aesop.com/medias/Aesop-Skin-Classic-Purifying-Facial-Exfoliant-Paste-Texture-50-50-Mobile-640x640px.jpg?context=bWFzdGVyfGltYWdlc3wyNDg1OHxpbWFnZS9qcGVnfGltYWdlcy9oMjIvaDBkLzkxMTYyMjg1MTc5MTguanBnfDJjZDUzMjI4N2EzZDgyYzE1ZTk3MTM4OWFjODU5N2Q2NjQ4YTAxNzcwZmE4YjBlZDQ2YTJmYTRhOTI5ZWQyY2I"
      />
      <img
        alt="alt image"
      />
    </picture>
  </div>
  <div
    className="container"
  >
    <div
      className="wrapper"
    >
      <div
        className="header"
      >
        <header
          className="base"
        >
          <h2
            className="base noTopMargin mediumWeightFont xXSmall dark eyebrow"
          >
            How to use
          </h2>
          <h3
            className="base noTopMargin serifFont xLarge dark heading heading"
          >
            A comprehensive skin care regimen, ideal in urban environments.
          </h3>
        </header>
      </div>
      <div
        className="content"
      >
        <dl
          className="base dark"
        >
          <dt
            className="term slideIn"
          >
            Dosage
          </dt>
          <dd
            className="description slideIn"
          >
            Desired amount
          </dd>
          <dt
            className="term slideIn"
          >
            Texture
          </dt>
          <dd
            className="description slideIn"
          >
            Water-soluble cream with fine grain
          </dd>
          <dt
            className="term slideIn"
          >
            Aroma
          </dt>
          <dd
            className="description slideIn"
          >
            Herbaceous, floral, earthy
          </dd>
        </dl>
      </div>
    </div>
  </div>
</section>
`;
