// Jest Snapshot v1, https://goo.gl/fbAQLP

exports[`<TwoColumnList /> renders base component correctly 1`] = `
<div
  className="base dark"
>
  <div
    className="column"
  >
    <div
      className="wrapper"
    >
      <h2
        className="base large dark heading"
      >
        Suspendisse rhoncus
      </h2>
      <h3
        className="base mediumWeightFont xSmall dark"
      >
        Sagittis diam
      </h3>
      <ul
        className="base dark list"
      >
        <li
          className="item item"
        >
          <a
            className="base left dark link"
            href="/"
            target="_self"
          >
            Quisque venenatis dictum
          </a>
        </li>
        <li
          className="item item"
        >
          <a
            className="base left dark link"
            href="/"
            target="_self"
          >
            Aliquam ullamcorper
          </a>
        </li>
      </ul>
    </div>
    <div
      className="wrapper"
    >
      <h2
        className="base large dark heading"
      >
        Vestibulum ipsum
      </h2>
      <h3
        className="base mediumWeightFont xSmall dark"
      >
        Nullam sed libero
      </h3>
      <ul
        className="base dark list"
      >
        <li
          className="item item"
        >
          <a
            className="base left dark link"
            href="/"
            target="_self"
          >
            Donec non venenatis massa
          </a>
        </li>
        <li
          className="item item"
        >
          <a
            className="base left dark link"
            href="/"
            target="_self"
          >
            Donec non venenatis
          </a>
        </li>
        <li
          className="item item"
        >
          <a
            className="base left dark link"
            href="/"
            target="_self"
          >
            Venenatis donec non massa
          </a>
        </li>
      </ul>
    </div>
  </div>
  <div
    className="column"
  >
    <div
      className="wrapper"
    >
      <h2
        className="base large dark heading"
      >
        Interdum et malesuada fames
      </h2>
      <h3
        className="base mediumWeightFont xSmall dark"
      >
        Fusce venenatis
      </h3>
      <ul
        className="base dark list"
      >
        <li
          className="item item"
        >
          Pellentesque luctus
        </li>
        <li
          className="item item"
        >
          <a
            className="base left dark link"
            href="/"
            target="_self"
          >
            Maecenas a libero
          </a>
        </li>
      </ul>
    </div>
  </div>
</div>
`;
