// Jest Snapshot v1, https://goo.gl/fbAQLP

exports[`<Carousel.CarouselIntroduction /> renders base component correctly 1`] = `
<div
  className="base dark"
>
  <header
    className="base heading"
  >
    <h2
      className="base noTopMargin serifFont xLarge dark heading"
    >
      Maecenas elementum
    </h2>
  </header>
  <p
    className="base dark description"
  >
    Maecenas elementum, metus id facilisis placerat, turpis diam sodales velit, quis sodales ipsum nunc nec velit. Aenean ac tortor consectetur, volutpat massa sed, ultricies orci.
  </p>
</div>
`;
