// Jest Snapshot v1, https://goo.gl/fbAQLP

exports[`<DialogBanner /> renders base component correctly 1`] = `
Array [
  <div
    className="base isVisible"
    onClick={[MockFunction]}
    onKeyPress={[Function]}
    role="button"
    tabIndex={-1}
  />,
  <aside
    className="base isVisible dark top"
  >
    <div
      className="iconContainer"
    >
      <svg
        className="base warning light warningIcon"
        data-ref=""
        focusable="false"
        height={22}
        role="img"
        style={
          Object {
            "height": "22px",
            "width": "22px",
          }
        }
        tabIndex={-1}
        viewBox="0 0 50 50"
        width={22}
      >
        <g>
          <path
            d="M42.7,7.2C37.7,2.2,31.5,0,25,0S12.3,2.2,7.3,7.2c-9.7,9.7-9.7,25.4,0,35.2c5,5,11.2,7.2,17.7,7.2s12.7-2.5,17.7-7.2 C52.4,32.6,52.4,16.9,42.7,7.2z M41,40.6c-4.2,4.2-10,6.5-16,6.5s-11.7-2.2-16-6.5c-8.7-8.7-8.7-23,0-31.7c4.3-4.2,10-6.5,16-6.5 s11.7,2.3,16,6.5C49.7,17.6,49.7,31.9,41,40.6z"
          />
          <path
            d="M27,13.1V30h-4V13.1H27z M23,36.5h3.9v-4.3H23V36.5z"
          />
        </g>
      </svg>
    </div>
    <div
      className="contentContainer"
    >
      <h1
        className="base large dark heading"
      >
        Maximum allowed quantity exceeded.
      </h1>
      <p
        className="base dark message"
      >
        Our apologies, You have exceeded the maximum allowed quantity of this item.
      </p>
    </div>
    <div
      className="closeContainer"
    >
      <button
        className="base inlineStyle dark closeButton"
        disabled={false}
        onClick={[MockFunction]}
        title="Close Dialog Banner"
        type="button"
      >
        <svg
          className="base close light closeIcon"
          data-ref=""
          focusable="false"
          height={12}
          role="img"
          style={
            Object {
              "height": "12px",
              "width": "12px",
            }
          }
          tabIndex={-1}
          viewBox="0 0 50 50"
          width={12}
        >
          <g>
            <polygon
              className="close"
              points="50,5 45,0 25,20 5,0 0,5 20,25 0,45 5,50 25,30 45,50 50,45 30,25"
            />
          </g>
        </svg>
      </button>
      <a
        className="base left light ctaButton"
        href="/contact-us/"
        target="_self"
      >
        Need assistance?
      </a>
    </div>
  </aside>,
]
`;
