// Jest Snapshot v1, https://goo.gl/fbAQLP

exports[`<ContentHubArticle /> renders base component correctly 1`] = `
<div
  className="base fadeEnter"
  id="test_id"
>
  <div
    className="category"
  >
    Product
  </div>
  <div
    onMouseEnter={[Function]}
    onMouseLeave={[Function]}
  >
    <a
      className="base left dark title"
      data-test-ref="test_id_TITLE"
      href="https://www.aesop.com/au/r/careers/?contentful=true"
      target="_self"
      title="Lorem ipsum dolor sit amet, consectetur adipiscing elit. Suspendisse et ornare mauris, id dictum ante."
    >
      <span>
        Lorem ipsum dolor sit amet, consectetur adipiscing elit. Suspendisse et ornare mauris, id dictum ante.
      </span>
    </a>
  </div>
  <div
    className="note"
  >
    5 minute read
  </div>
  <a
    className="base left dark image nonMobile"
    data-test-ref="test_id_NON_MOBILE_THUMBNAIL"
    href="https://www.aesop.com/au/r/careers/?contentful=true"
    target="_self"
    title="Lorem ipsum dolor sit amet, consectetur adipiscing elit. Suspendisse et ornare mauris, id dictum ante."
  >
    <div
      onMouseEnter={[Function]}
      onMouseLeave={[Function]}
    >
      <picture
        className="base picture dark image"
      >
        <source
          media="(min-width: 1025px)"
          srcSet="./assets/images/ContentHubArticle/horizontal_hub.jpg"
        />
        <source
          media="(min-width: 640px)"
          srcSet="./assets/images/ContentHubArticle/horizontal_hub.jpg"
        />
        <source
          media="(min-width: 0px)"
          srcSet="./assets/images/ContentHubArticle/horizontal_hub.jpg"
        />
        <img
          alt="horizontal_hub"
        />
      </picture>
    </div>
  </a>
  <a
    className="base left dark image mobile"
    data-test-ref="test_id_MOBILE_THUMBNAIL"
    href="https://www.aesop.com/au/r/careers/?contentful=true"
    target="_self"
    title="Lorem ipsum dolor sit amet, consectetur adipiscing elit. Suspendisse et ornare mauris, id dictum ante."
  >
    <div
      onMouseEnter={[Function]}
      onMouseLeave={[Function]}
    >
      <picture
        className="base picture dark image"
      >
        <source
          media="(min-width: 1025px)"
          srcSet="./assets/images/ContentHubArticle/horizontal_hub.jpg"
        />
        <source
          media="(min-width: 640px)"
          srcSet="./assets/images/ContentHubArticle/horizontal_hub.jpg"
        />
        <source
          media="(min-width: 0px)"
          srcSet="./assets/images/ContentHubArticle/horizontal_hub.jpg"
        />
        <img
          alt="horizontal_hub"
        />
      </picture>
    </div>
  </a>
</div>
`;
