// Jest Snapshot v1, https://goo.gl/fbAQLP

exports[`<ContentHubArticle /> renders base component correctly 1`] = `
<div
  className="base fadeEnter"
  id="test_id"
>
  <h3
    className="base xSmall dark category"
  >
    Product
  </h3>
  <div>
    <a
      className="base left dark"
      href="https://www.aesop.com/au/r/careers"
      target="_self"
      title="Lorem ipsum dolor sit amet, consectetur adipiscing elit. Suspendisse et ornare mauris, id dictum ante."
    >
      <span
        className="title"
      >
        Lorem ipsum dolor sit amet, consectetur adipiscing elit. Suspendisse et ornare mauris, id dictum ante.
      </span>
    </a>
  </div>
  <h3
    className="base xSmall dark note"
  >
    5 minute read
  </h3>
  <a
    className="base left dark image non-mobile"
    href="https://www.aesop.com/au/r/careers"
    target="_self"
    title="Lorem ipsum dolor sit amet, consectetur adipiscing elit. Suspendisse et ornare mauris, id dictum ante."
  >
    <div
      onMouseEnter={[Function]}
      onMouseLeave={[Function]}
    >
      <picture
        className="base picture dark image"
      >
        <source
          media="(min-width: 1025px)"
          srcSet="./assets/images/ContentHubArticle/horizontal_hub.jpg"
        />
        <source
          media="(min-width: 640px)"
          srcSet="./assets/images/ContentHubArticle/horizontal_hub.jpg"
        />
        <source
          media="(min-width: 0px)"
          srcSet="./assets/images/ContentHubArticle/horizontal_hub.jpg"
        />
        <img
          alt="horizontal_hub"
        />
      </picture>
    </div>
  </a>
  <a
    className="base left dark image mobile"
    href="https://www.aesop.com/au/r/careers"
    target="_self"
    title="Lorem ipsum dolor sit amet, consectetur adipiscing elit. Suspendisse et ornare mauris, id dictum ante."
  >
    <div
      onMouseEnter={[Function]}
      onMouseLeave={[Function]}
    >
      <picture
        className="base picture dark image"
      >
        <source
          media="(min-width: 1025px)"
          srcSet="./assets/images/ContentHubArticle/horizontal_hub.jpg"
        />
        <source
          media="(min-width: 640px)"
          srcSet="./assets/images/ContentHubArticle/horizontal_hub.jpg"
        />
        <source
          media="(min-width: 0px)"
          srcSet="./assets/images/ContentHubArticle/horizontal_hub.jpg"
        />
        <img
          alt="horizontal_hub"
        />
      </picture>
    </div>
  </a>
</div>
`;
